export const snapshot = {};

snapshot[`serializer - primitives & plain objects 1`] = `'{"v":{"a":1,"b":"2","c":true,"d":null,"f":[1,2,3],"g":{"a":1,"b":2,"c":3}}}'`;

snapshot[`serializer - bigint 1`] = `'{"v":{"a":{"_f":"b","d":"999999999999999999"}}}'`;

snapshot[`serializer - Uint8Array 1`] = `'{"v":{"a":{"_f":"u8a","d":"AQID"}}}'`;

snapshot[`serializer - signals 1`] = `'{"v":{"a":1,"b":{"_f":"s","v":2}}}'`;

snapshot[`serializer - @preact/signals-core 1.2.3 1`] = `'{"v":{"a":1,"b":{"_f":"s","v":2}}}'`;

snapshot[`serializer - @preact/signals-core 1.3.0 1`] = `'{"v":{"a":1,"b":{"_f":"s","v":2}}}'`;

snapshot[`serializer - multiple versions of @preact/signals-core 1`] = `'{"v":{"a":1,"b":{"_f":"s","v":2},"c":{"_f":"s","v":2},"d":{"_f":"s","v":2}}}'`;

snapshot[`serializer - magic key 1`] = `'{"v":{"_f":"l","k":"f","v":{"a":1}}}'`;

snapshot[`serializer - circular reference objects 1`] = `'{"v":{"a":1,"b":0},"r":[[[],["b"]]]}'`;

snapshot[`serializer - circular reference nested objects 1`] = `'{"v":{"a":1,"b":{"c":2,"d":0}},"r":[[[],["b","d"]]]}'`;

snapshot[`serializer - circular reference array 1`] = `'{"v":[1,2,3,0],"r":[[[],["3"]]]}'`;

snapshot[`serializer - multiple reference 1`] = `'{"v":{"a":1,"b":{"c":2},"d":0},"r":[[["b"],["d"]]]}'`;

snapshot[`serializer - multiple reference signals 1`] = `'{"v":{"inner":{"_f":"l","k":"x","v":{"x":1,"y":0}},"a":{"_f":"s","v":0},"b":{"c":0}},"r":[[["inner"],["inner",null,"y"],["a","value"]],[["a"],["b","c"]]]}'`;

snapshot[`serializer - multiple reference in magic key 1`] = `'{"v":{"literal":{"_f":"l","k":"x","v":{"inner":{"foo":"bar"}}},"inner":0},"r":[[["literal",null,"inner"],["inner"]]]}'`;

snapshot[`serializer - multiple reference in signal 1`] = `'{"v":{"s":{"_f":"s","v":{"foo":"bar"}},"inner":0},"r":[[["s","value"],["inner"]]]}'`;
